   Compiling arc_arb v0.1.0 (/home/dmin/backrun-arc)
    Finished `release` profile [optimized] target(s) in 9.62s
     Running `target/release/arc_arb --paper-seconds 0`
config.ok strategy=backrun chain_id=5042 dry_run=true allow_live=false bot_armed=false live_mode=off pending_enabled=false flash_provider=morpho min_profit_usdc=2 arb_max_borrow_usdc=20000 pairs_min_swap_usdc=200 min_depth_usd=8000 min_base_fee_gwei=20
pending_enabled=false — Arc pending RPC không dùng (filter/subscribe/getBlock pending).
rpc_crate=alloy (sol-types decode); HTTP JSON-RPC = reqwest blocking + UA
pairbook.ok path=pairs_arb.txt entries=2 header_only=false missing_file=false skipped_bad_lines=0
venues uni_v2=0x89e5db8b5aa49aa85ac63f691524311aeb649eba uni_v3=0xf0db7b58379503491d857db50ac9ece64c653918 uni_v4_pm=0x8366a39cc670b4001a1121b8f6a443a643e40951 ach_v2=0xb0c2b0acb9c13079ddd871edaf43aabf6e88c530 aero_cl=0xb89df768af2cfe637ceb352c587fe8edaf491d03
morpho_pin=0x34cd04070dd72b14e241112f6d83812df5af7fcd flashLoan_called=0 (A3 không gọi)
aero_factory=PINNED 0xb89df768af2cfe637ceb352c587fe8edaf491d03 allPoolsLength=7 allPools(0)=0xbe080ac37ad1305dfcc9521f5e6f68cfdc41b7fa base_neg_empty=true
uni_v3_quoter=PINNED 0x7dfd4f31be6814d2906bde155c3e1b146eac1468 bytes=8273 aero_quoter=MISSING (swap-static MiniQuoter overlay; V4 quoter không dùng A3)
paper.start seconds=0 tokens=2 sizes=100,1000,5000 log=baocao/evidence/paper_vps.jsonl send=0 PRIVATE_KEY=not_read
gas_formula gas_est_wei=20e9*400000 native_usdc_18dec gas_est_usdc=0.008000 (không bịa)
quote token=0x171a4217b86a807a64eb94757db6849fb4bdbaa0 symbol=cirBTC size_usdc=100 price_a=130590 price_b=130662 venue_a=aero_cl venue_b=uni_v3:100 spread_bps=5.5134 after_gas_est=-0.036769 profitable_yes_no=no send=0
quote token=0x171a4217b86a807a64eb94757db6849fb4bdbaa0 symbol=cirBTC size_usdc=1000 price_a=1305744 price_b=1306577 venue_a=aero_cl venue_b=uni_v3:100 spread_bps=6.3795 after_gas_est=-0.447985 profitable_yes_no=no send=0
quote token=0x171a4217b86a807a64eb94757db6849fb4bdbaa0 symbol=cirBTC size_usdc=5000 price_a=6525102 price_b=6531891 venue_a=aero_cl venue_b=uni_v3:100 spread_bps=10.4044 after_gas_est=-5.736357 profitable_yes_no=no send=0
quote token=0xbef5f6d51cb62b58e6a8f77868681825c6fe21c1 symbol=EURC size_usdc=100 price_a=87134707 price_b=87102716 venue_a=aero_cl venue_b=uni_v3:500 spread_bps=3.6728 after_gas_est=-0.071116 profitable_yes_no=no send=0
quote token=0xbef5f6d51cb62b58e6a8f77868681825c6fe21c1 symbol=EURC size_usdc=1000 price_a=871330970 price_b=870924955 venue_a=aero_cl venue_b=uni_v3:500 spread_bps=4.6619 after_gas_est=-0.774864 profitable_yes_no=no send=0
quote token=0xbef5f6d51cb62b58e6a8f77868681825c6fe21c1 symbol=EURC size_usdc=5000 price_a=4356296968 price_b=1821927753 venue_a=aero_cl venue_b=uni_v3:500 spread_bps=13910.3716 after_gas_est=-6.994879 profitable_yes_no=no send=0
paper.done ticks=0 ticks_spread_gt0=0 quotes_ok=6 no_quote=0 send=0
paper.ok ticks=0 ticks_spread_gt0=0 send=0 PRIVATE_KEY=not_read Executor=No-Go
